###############################################################################
#
# IAR ELF Linker V9.10.1.308/W64 for ARM                  07/Jun/2021  15:45:13
# Copyright 2007-2021 IAR Systems AB.
#
#    Output file  =
#        C:\Users\Robpang\Documents\STM32_test\EWARM\STM32_Test\Exe\STM32_Test.out
#    Map file     =
#        C:\Users\Robpang\Documents\STM32_test\EWARM\STM32_Test\List\STM32_Test.map
#    Command line =
#        -f
#        C:\Users\Robpang\Documents\STM32_test\EWARM\STM32_Test\Exe\STM32_Test.out.rsp
#        (C:\Users\Robpang\Documents\STM32_test\EWARM\STM32_Test\Obj\Application\User\main.o
#        C:\Users\Robpang\Documents\STM32_test\EWARM\STM32_Test\Obj\Application\EWARM\startup_stm32f446xx.o
#        C:\Users\Robpang\Documents\STM32_test\EWARM\STM32_Test\Obj\Drivers\STM32F4xx_HAL_Driver\stm32f4xx_hal.o
#        C:\Users\Robpang\Documents\STM32_test\EWARM\STM32_Test\Obj\Drivers\STM32F4xx_HAL_Driver\stm32f4xx_hal_adc.o
#        C:\Users\Robpang\Documents\STM32_test\EWARM\STM32_Test\Obj\Drivers\STM32F4xx_HAL_Driver\stm32f4xx_hal_adc_ex.o
#        C:\Users\Robpang\Documents\STM32_test\EWARM\STM32_Test\Obj\Drivers\STM32F4xx_HAL_Driver\stm32f4xx_hal_cortex.o
#        C:\Users\Robpang\Documents\STM32_test\EWARM\STM32_Test\Obj\Drivers\STM32F4xx_HAL_Driver\stm32f4xx_hal_dma.o
#        C:\Users\Robpang\Documents\STM32_test\EWARM\STM32_Test\Obj\Drivers\STM32F4xx_HAL_Driver\stm32f4xx_hal_dma_ex.o
#        C:\Users\Robpang\Documents\STM32_test\EWARM\STM32_Test\Obj\Drivers\STM32F4xx_HAL_Driver\stm32f4xx_hal_exti.o
#        C:\Users\Robpang\Documents\STM32_test\EWARM\STM32_Test\Obj\Drivers\STM32F4xx_HAL_Driver\stm32f4xx_hal_flash.o
#        C:\Users\Robpang\Documents\STM32_test\EWARM\STM32_Test\Obj\Drivers\STM32F4xx_HAL_Driver\stm32f4xx_hal_flash_ex.o
#        C:\Users\Robpang\Documents\STM32_test\EWARM\STM32_Test\Obj\Drivers\STM32F4xx_HAL_Driver\stm32f4xx_hal_flash_ramfunc.o
#        C:\Users\Robpang\Documents\STM32_test\EWARM\STM32_Test\Obj\Drivers\STM32F4xx_HAL_Driver\stm32f4xx_hal_gpio.o
#        C:\Users\Robpang\Documents\STM32_test\EWARM\STM32_Test\Obj\Application\User\stm32f4xx_hal_msp.o
#        C:\Users\Robpang\Documents\STM32_test\EWARM\STM32_Test\Obj\Drivers\STM32F4xx_HAL_Driver\stm32f4xx_hal_pwr.o
#        C:\Users\Robpang\Documents\STM32_test\EWARM\STM32_Test\Obj\Drivers\STM32F4xx_HAL_Driver\stm32f4xx_hal_pwr_ex.o
#        C:\Users\Robpang\Documents\STM32_test\EWARM\STM32_Test\Obj\Drivers\STM32F4xx_HAL_Driver\stm32f4xx_hal_rcc.o
#        C:\Users\Robpang\Documents\STM32_test\EWARM\STM32_Test\Obj\Drivers\STM32F4xx_HAL_Driver\stm32f4xx_hal_rcc_ex.o
#        C:\Users\Robpang\Documents\STM32_test\EWARM\STM32_Test\Obj\Drivers\STM32F4xx_HAL_Driver\stm32f4xx_hal_tim.o
#        C:\Users\Robpang\Documents\STM32_test\EWARM\STM32_Test\Obj\Drivers\STM32F4xx_HAL_Driver\stm32f4xx_hal_tim_ex.o
#        C:\Users\Robpang\Documents\STM32_test\EWARM\STM32_Test\Obj\Drivers\STM32F4xx_HAL_Driver\stm32f4xx_hal_uart.o
#        C:\Users\Robpang\Documents\STM32_test\EWARM\STM32_Test\Obj\Application\User\stm32f4xx_it.o
#        C:\Users\Robpang\Documents\STM32_test\EWARM\STM32_Test\Obj\Drivers\CMSIS\system_stm32f4xx.o
#        --redirect _Printf=_PrintfFull --redirect _Scanf=_ScanfFull
#        --no_out_extension -o
#        C:\Users\Robpang\Documents\STM32_test\EWARM\STM32_Test\Exe\STM32_Test.out
#        --map
#        C:\Users\Robpang\Documents\STM32_test\EWARM\STM32_Test\List\STM32_Test.map
#        --config
#        C:\Users\Robpang\Documents\STM32_test\EWARM/stm32f446xx_flash.icf
#        --semihosting --entry __iar_program_start --vfe --text_out locale)
#
###############################################################################

*******************************************************************************
*** RUNTIME MODEL ATTRIBUTES
***

CppFlavor       = *
__SystemLibrary = DLib
__dlib_version  = 6


*******************************************************************************
*** HEAP SELECTION
***

The basic heap was selected because some modules are built with
size limitations (and not runtime checking), and --advanced_heap
was not specified.


*******************************************************************************
*** PLACEMENT SUMMARY
***

"A0":  place at address 0x800'0000 { ro section .intvec };
"P1":  place in [from 0x800'0000 to 0x807'ffff] { ro };
define block CSTACK with size = 1K, alignment = 8 { };
define block HEAP with size = 512, alignment = 8 { };
"P2":  place in [from 0x2000'0000 to 0x2001'ffff] {
          rw, block CSTACK, block HEAP };
initialize by copy { rw };

  Section            Kind         Address    Size  Object
  -------            ----         -------    ----  ------
"A0":                                       0x1c4
  .intvec            ro code   0x800'0000   0x1c4  startup_stm32f446xx.o [1]
                             - 0x800'01c4   0x1c4

"P1":                                      0x3bc5
  .text              ro code   0x800'01c4   0xff4  main.o [2]
  .text              ro code   0x800'11b8   0x3e0  stm32f4xx_hal_uart.o [4]
  .text              ro code   0x800'1598    0x22  S32ToDbl.o [6]
  .text              ro code   0x800'15ba    0x3a  packbits_init_single.o [7]
  .text              ro code   0x800'15f4   0x1aa  DblMul.o [6]
  .text              ro code   0x800'17a0    0x36  DblToS32.o [6]
  .text              ro code   0x800'17d8   0x246  DblDiv.o [6]
  .text              ro code   0x800'1a20    0x34  DblCmpGe.o [6]
  .text              ro code   0x800'1a54   0x25e  DblAddSub.o [6]
  .text              ro code   0x800'1cb4    0x34  DblCmpLe.o [6]
  .text              ro code   0x800'1ce8   0x1d4  stm32f4xx_hal_gpio.o [4]
  .text              ro code   0x800'1ebc   0x4a2  stm32f4xx_hal_adc.o [4]
  .text              ro code   0x800'2360    0x1c  U32ToDbl.o [6]
  .text              ro code   0x800'237c    0x22  DblToU32.o [6]
  .text              ro code   0x800'23a0    0x34  stm32f4xx_hal.o [4]
  .text              ro code   0x800'23d4    0xc4  stm32f4xx_hal_cortex.o [4]
  .text              ro code   0x800'2498   0x74e  stm32f4xx_hal_tim.o [4]
  .text              ro code   0x800'2be8   0x118  stm32f4xx_hal_tim_ex.o [4]
  .text              ro code   0x800'2d00    0x14  memset.o [7]
  .text              ro code   0x800'2d14   0x298  stm32f4xx_hal_msp.o [2]
  .text              ro code   0x800'2fac   0x38c  stm32f4xx_hal_rcc_ex.o [4]
  .text              ro code   0x800'3338    0x78  stm32f4xx_hal_pwr_ex.o [4]
  .text              ro code   0x800'33b0   0x144  stm32f4xx_hal_rcc.o [4]
  .text              ro code   0x800'34f4     0xc  stm32f4xx_hal.o [4]
  .text              ro code   0x800'3500   0x374  stm32f4xx_hal_dma.o [4]
  .text              ro code   0x800'3874     0x2  stm32f4xx_hal_uart.o [4]
  .text              ro code   0x800'3876     0x2  stm32f4xx_hal_uart.o [4]
  .text              ro code   0x800'3878     0x2  stm32f4xx_hal_uart.o [4]
  .text              ro code   0x800'387c   0x106  I64DivMod_small.o [7]
  .text              ro code   0x800'3982     0x2  stm32f4xx_hal_adc.o [4]
  .text              ro code   0x800'3984     0x2  stm32f4xx_hal_adc.o [4]
  .text              ro code   0x800'3986     0x2  stm32f4xx_hal_adc.o [4]
  .text              ro code   0x800'3988    0x40  stm32f4xx_hal.o [4]
  .text              ro code   0x800'39c8     0x2  stm32f4xx_hal_tim.o [4]
  .text              ro code   0x800'39ca     0x2  stm32f4xx_hal_tim.o [4]
  .text              ro code   0x800'39cc     0x2  stm32f4xx_hal_tim.o [4]
  .text              ro code   0x800'39ce     0x2  stm32f4xx_hal_tim_ex.o [4]
  .text              ro code   0x800'39d0     0x2  stm32f4xx_hal_tim.o [4]
  .text              ro code   0x800'39d2     0x2  stm32f4xx_hal_tim_ex.o [4]
  .text              ro code   0x800'39d4     0x2  stm32f4xx_hal_tim.o [4]
  .text              ro code   0x800'39d8    0x66  ABImemset.o [7]
  .text              ro code   0x800'3a40     0x2  I64DivZer.o [7]
  .text              ro code   0x800'3a42    0x38  zero_init3.o [7]
  .text              ro code   0x800'3a7c    0x34  stm32f4xx_it.o [2]
  .text              ro code   0x800'3ab0    0x10  stm32f4xx_hal.o [4]
  .text              ro code   0x800'3ac0    0x2c  system_stm32f4xx.o [3]
  .text              ro code   0x800'3aec    0x28  data_init.o [7]
  .text              ro code   0x800'3b14    0x22  fpinit_M.o [6]
  .iar.init_table    const     0x800'3b38    0x20  - Linker created -
  .text              ro code   0x800'3b58    0x1e  cmain.o [7]
  .text              ro code   0x800'3b76     0x4  low_level_init.o [5]
  .text              ro code   0x800'3b7a     0x4  exit.o [5]
  .text              ro code   0x800'3b80     0xa  cexit.o [7]
  .text              ro code   0x800'3b8c    0x14  exit.o [8]
  .text              ro code   0x800'3ba0    0x1c  cstartup_M.o [7]
  .text              ro code   0x800'3bbc    0x10  startup_stm32f446xx.o [1]
  .rodata            const     0x800'3bcc     0x8  system_stm32f4xx.o [3]
  .text              ro code   0x800'3bd4     0x4  startup_stm32f446xx.o [1]
  .text              ro code   0x800'3bd8     0x4  startup_stm32f446xx.o [1]
  .text              ro code   0x800'3bdc     0x4  startup_stm32f446xx.o [1]
  .text              ro code   0x800'3be0     0x4  startup_stm32f446xx.o [1]
  .text              ro code   0x800'3be4     0x4  startup_stm32f446xx.o [1]
  .text              ro code   0x800'3be8     0x4  startup_stm32f446xx.o [1]
  .text              ro code   0x800'3bec     0x4  startup_stm32f446xx.o [1]
  .text              ro code   0x800'3bf0     0x4  startup_stm32f446xx.o [1]
  .text              ro code   0x800'3bf4     0x4  startup_stm32f446xx.o [1]
  .text              ro code   0x800'3bf8     0x4  startup_stm32f446xx.o [1]
  .text              ro code   0x800'3bfc     0x4  startup_stm32f446xx.o [1]
  .text              ro code   0x800'3c00     0x4  startup_stm32f446xx.o [1]
  .text              ro code   0x800'3c04     0x4  startup_stm32f446xx.o [1]
  .text              ro code   0x800'3c08     0x4  startup_stm32f446xx.o [1]
  .text              ro code   0x800'3c0c     0x4  startup_stm32f446xx.o [1]
  .text              ro code   0x800'3c10     0x4  startup_stm32f446xx.o [1]
  .text              ro code   0x800'3c14     0x4  startup_stm32f446xx.o [1]
  .text              ro code   0x800'3c18     0x4  startup_stm32f446xx.o [1]
  .text              ro code   0x800'3c1c     0x4  startup_stm32f446xx.o [1]
  .text              ro code   0x800'3c20     0x4  startup_stm32f446xx.o [1]
  .text              ro code   0x800'3c24     0x4  startup_stm32f446xx.o [1]
  .text              ro code   0x800'3c28     0x4  startup_stm32f446xx.o [1]
  .text              ro code   0x800'3c2c     0x4  startup_stm32f446xx.o [1]
  .text              ro code   0x800'3c30     0x4  startup_stm32f446xx.o [1]
  .text              ro code   0x800'3c34     0x4  startup_stm32f446xx.o [1]
  .text              ro code   0x800'3c38     0x4  startup_stm32f446xx.o [1]
  .text              ro code   0x800'3c3c     0x4  startup_stm32f446xx.o [1]
  .text              ro code   0x800'3c40     0x4  startup_stm32f446xx.o [1]
  .text              ro code   0x800'3c44     0x4  startup_stm32f446xx.o [1]
  .text              ro code   0x800'3c48     0x4  startup_stm32f446xx.o [1]
  .text              ro code   0x800'3c4c     0x4  startup_stm32f446xx.o [1]
  .text              ro code   0x800'3c50     0x4  startup_stm32f446xx.o [1]
  .text              ro code   0x800'3c54     0x4  startup_stm32f446xx.o [1]
  .text              ro code   0x800'3c58     0x4  startup_stm32f446xx.o [1]
  .text              ro code   0x800'3c5c     0x4  startup_stm32f446xx.o [1]
  .text              ro code   0x800'3c60     0x4  startup_stm32f446xx.o [1]
  .text              ro code   0x800'3c64     0x4  startup_stm32f446xx.o [1]
  .text              ro code   0x800'3c68     0x4  startup_stm32f446xx.o [1]
  .text              ro code   0x800'3c6c     0x4  startup_stm32f446xx.o [1]
  .text              ro code   0x800'3c70     0x4  startup_stm32f446xx.o [1]
  .text              ro code   0x800'3c74     0x4  startup_stm32f446xx.o [1]
  .text              ro code   0x800'3c78     0x4  startup_stm32f446xx.o [1]
  .text              ro code   0x800'3c7c     0x4  startup_stm32f446xx.o [1]
  .text              ro code   0x800'3c80     0x4  startup_stm32f446xx.o [1]
  .text              ro code   0x800'3c84     0x4  startup_stm32f446xx.o [1]
  .text              ro code   0x800'3c88     0x4  startup_stm32f446xx.o [1]
  .text              ro code   0x800'3c8c     0x4  startup_stm32f446xx.o [1]
  .text              ro code   0x800'3c90     0x4  startup_stm32f446xx.o [1]
  .text              ro code   0x800'3c94     0x4  startup_stm32f446xx.o [1]
  .text              ro code   0x800'3c98     0x4  startup_stm32f446xx.o [1]
  .text              ro code   0x800'3c9c     0x4  startup_stm32f446xx.o [1]
  .text              ro code   0x800'3ca0     0x4  startup_stm32f446xx.o [1]
  .text              ro code   0x800'3ca4     0x4  startup_stm32f446xx.o [1]
  .text              ro code   0x800'3ca8     0x4  startup_stm32f446xx.o [1]
  .text              ro code   0x800'3cac     0x4  startup_stm32f446xx.o [1]
  .text              ro code   0x800'3cb0     0x4  startup_stm32f446xx.o [1]
  .text              ro code   0x800'3cb4     0x4  startup_stm32f446xx.o [1]
  .text              ro code   0x800'3cb8     0x4  startup_stm32f446xx.o [1]
  .text              ro code   0x800'3cbc     0x4  startup_stm32f446xx.o [1]
  .text              ro code   0x800'3cc0     0x4  startup_stm32f446xx.o [1]
  .text              ro code   0x800'3cc4     0x4  startup_stm32f446xx.o [1]
  .text              ro code   0x800'3cc8     0x4  startup_stm32f446xx.o [1]
  .text              ro code   0x800'3ccc     0x4  startup_stm32f446xx.o [1]
  .text              ro code   0x800'3cd0     0x4  startup_stm32f446xx.o [1]
  .text              ro code   0x800'3cd4     0x4  startup_stm32f446xx.o [1]
  .text              ro code   0x800'3cd8     0x4  startup_stm32f446xx.o [1]
  .text              ro code   0x800'3cdc     0x4  startup_stm32f446xx.o [1]
  .text              ro code   0x800'3ce0     0x4  startup_stm32f446xx.o [1]
  .text              ro code   0x800'3ce4     0x4  startup_stm32f446xx.o [1]
  .text              ro code   0x800'3ce8     0x4  startup_stm32f446xx.o [1]
  .text              ro code   0x800'3cec     0x4  startup_stm32f446xx.o [1]
  .text              ro code   0x800'3cf0     0x4  startup_stm32f446xx.o [1]
  .text              ro code   0x800'3cf4     0x4  startup_stm32f446xx.o [1]
  .text              ro code   0x800'3cf8     0x4  startup_stm32f446xx.o [1]
  .text              ro code   0x800'3cfc     0x4  startup_stm32f446xx.o [1]
  .text              ro code   0x800'3d00     0x4  startup_stm32f446xx.o [1]
  .text              ro code   0x800'3d04     0x4  startup_stm32f446xx.o [1]
  .text              ro code   0x800'3d08     0x4  startup_stm32f446xx.o [1]
  .text              ro code   0x800'3d0c     0x4  startup_stm32f446xx.o [1]
  .text              ro code   0x800'3d10     0x4  startup_stm32f446xx.o [1]
  .text              ro code   0x800'3d14     0x4  startup_stm32f446xx.o [1]
  .text              ro code   0x800'3d18     0x4  startup_stm32f446xx.o [1]
  .text              ro code   0x800'3d1c     0x4  startup_stm32f446xx.o [1]
  .rodata            const     0x800'3d20     0x0  zero_init3.o [7]
  .rodata            const     0x800'3d20     0x0  packbits_init_single.o [7]
  Initializer bytes  const     0x800'3d20    0x69  <for P2-1>
                             - 0x800'3d89  0x3bc5

"P2", part 1 of 3:                          0x4fc
  P2-1                        0x2000'0000   0x4fc  <Init block>
    .data            inited   0x2000'0000   0x4ec  main.o [2]
    .data            inited   0x2000'04ec     0xc  stm32f4xx_hal.o [4]
    .data            inited   0x2000'04f8     0x4  system_stm32f4xx.o [3]
                            - 0x2000'04fc   0x4fc

"P2", part 2 of 3:                           0xc0
  .bss               zero     0x2000'04fc    0x60  main.o [2]
  .bss               zero     0x2000'055c    0x60  main.o [2]
                            - 0x2000'05bc    0xc0

"P2", part 3 of 3:                          0x400
  CSTACK                      0x2000'05c0   0x400  <Block>
    CSTACK           uninit   0x2000'05c0   0x400  <Block tail>
                            - 0x2000'09c0   0x400

Unused ranges:

         From           To      Size
         ----           --      ----
   0x800'3d89   0x807'ffff  0x7'c277
  0x2000'05bc  0x2000'05bf       0x4
  0x2000'09c0  0x2001'ffff  0x1'f640


*******************************************************************************
*** INIT TABLE
***

          Address      Size
          -------      ----
Zero (__iar_zero_init3)
    1 destination range, total size 0xc0:
          0x2000'04fc   0xc0

Copy/packbits (__iar_packbits_init_single3)
    1 source range, total size 0x69 (8% of destination):
           0x800'3d20   0x69
    1 destination range, total size 0x4fc:
          0x2000'0000  0x4fc



*******************************************************************************
*** MODULE SUMMARY
***

    Module                  ro code  ro data  rw data
    ------                  -------  -------  -------
command line/config:
    -------------------------------------------------
    Total:

C:\Users\Robpang\Documents\STM32_test\EWARM\STM32_Test\Obj\Application\EWARM: [1]
    startup_stm32f446xx.o       800
    -------------------------------------------------
    Total:                      800

C:\Users\Robpang\Documents\STM32_test\EWARM\STM32_Test\Obj\Application\User: [2]
    main.o                    4'084      103    1'452
    stm32f4xx_hal_msp.o         664
    stm32f4xx_it.o               52
    -------------------------------------------------
    Total:                    4'800      103    1'452

C:\Users\Robpang\Documents\STM32_test\EWARM\STM32_Test\Obj\Drivers\CMSIS: [3]
    system_stm32f4xx.o           44        9        4
    -------------------------------------------------
    Total:                       44        9        4

C:\Users\Robpang\Documents\STM32_test\EWARM\STM32_Test\Obj\Drivers\STM32F4xx_HAL_Driver: [4]
    stm32f4xx_hal.o             144        1       12
    stm32f4xx_hal_adc.o       1'192
    stm32f4xx_hal_cortex.o      196
    stm32f4xx_hal_dma.o         884
    stm32f4xx_hal_gpio.o        468
    stm32f4xx_hal_pwr_ex.o      120
    stm32f4xx_hal_rcc.o         324
    stm32f4xx_hal_rcc_ex.o      908
    stm32f4xx_hal_tim.o       1'880
    stm32f4xx_hal_tim_ex.o      284
    stm32f4xx_hal_uart.o        998
    -------------------------------------------------
    Total:                    7'398        1       12

dl7M_tln.a: [5]
    exit.o                        4
    low_level_init.o              4
    -------------------------------------------------
    Total:                        8

m7M_tls.a: [6]
    DblAddSub.o                 606
    DblCmpGe.o                   52
    DblCmpLe.o                   52
    DblDiv.o                    582
    DblMul.o                    426
    DblToS32.o                   54
    DblToU32.o                   34
    S32ToDbl.o                   34
    U32ToDbl.o                   28
    fpinit_M.o                   34
    -------------------------------------------------
    Total:                    1'902

rt7M_tl.a: [7]
    ABImemset.o                 102
    I64DivMod_small.o           262
    I64DivZer.o                   2
    cexit.o                      10
    cmain.o                      30
    cstartup_M.o                 28
    data_init.o                  40
    memset.o                     20
    packbits_init_single.o       58
    zero_init3.o                 56
    -------------------------------------------------
    Total:                      608

shb_l.a: [8]
    exit.o                       20
    -------------------------------------------------
    Total:                       20

    Gaps                         26        2
    Linker created                        32    1'024
-----------------------------------------------------
    Grand Total:             15'606      147    2'492


*******************************************************************************
*** ENTRY LIST
***

Entry                       Address   Size  Type      Object
-----                       -------   ----  ----      ------
.iar.init_table$$Base    0x800'3b38          --   Gb  - Linker created -
.iar.init_table$$Limit   0x800'3b58          --   Gb  - Linker created -
?main                    0x800'3b59         Code  Gb  cmain.o [7]
ADC_DMAConvCplt          0x800'22dd   0x66  Code  Lc  stm32f4xx_hal_adc.o [4]
ADC_DMAError             0x800'234d   0x12  Code  Lc  stm32f4xx_hal_adc.o [4]
ADC_DMAHalfConvCplt      0x800'2345    0x6  Code  Lc  stm32f4xx_hal_adc.o [4]
AHBPrescTable            0x800'3adc   0x10  Data  Gb  system_stm32f4xx.o [3]
APBPrescTable            0x800'3bcc    0x8  Data  Gb  system_stm32f4xx.o [3]
BusFault_Handler         0x800'3a83    0x2  Code  Gb  stm32f4xx_it.o [2]
CSTACK$$Base            0x2000'05c0          --   Gb  - Linker created -
CSTACK$$Limit           0x2000'09c0          --   Gb  - Linker created -
DMA2_Stream0_IRQHandler
                         0x800'3a97    0x6  Code  Gb  stm32f4xx_it.o [2]
DMA2_Stream1_IRQHandler
                         0x800'3a9d    0x6  Code  Gb  stm32f4xx_it.o [2]
DMA_CalcBaseAndBitshift
                         0x800'3845   0x26  Code  Lc  stm32f4xx_hal_dma.o [4]
DMA_CalcBaseAndBitshift::flagBitshiftOffset
                         0x800'386c    0x8  Data  Lc  stm32f4xx_hal_dma.o [4]
DMA_SetConfig            0x800'3821   0x20  Code  Lc  stm32f4xx_hal_dma.o [4]
DebugMon_Handler         0x800'3a89    0x2  Code  Gb  stm32f4xx_it.o [2]
Error_Handler            0x800'11b7    0x2  Code  Gb  main.o [2]
HAL_ADC_ConfigChannel    0x800'216b  0x122  Code  Gb  stm32f4xx_hal_adc.o [4]
HAL_ADC_ConvCpltCallback
                         0x800'3983    0x2  Code  Gb  stm32f4xx_hal_adc.o [4]
HAL_ADC_ConvHalfCpltCallback
                         0x800'3987    0x2  Code  Gb  stm32f4xx_hal_adc.o [4]
HAL_ADC_ErrorCallback    0x800'3985    0x2  Code  Gb  stm32f4xx_hal_adc.o [4]
HAL_ADC_Init             0x800'1ebd  0x156  Code  Gb  stm32f4xx_hal_adc.o [4]
HAL_ADC_MspInit          0x800'2d4d   0x7c  Code  Gb  stm32f4xx_hal_msp.o [2]
HAL_ADC_Start_DMA        0x800'2059  0x104  Code  Gb  stm32f4xx_hal_adc.o [4]
HAL_DMA_IRQHandler       0x800'3667  0x17c  Code  Gb  stm32f4xx_hal_dma.o [4]
HAL_DMA_Init             0x800'3501   0xf4  Code  Gb  stm32f4xx_hal_dma.o [4]
HAL_DMA_Start_IT         0x800'35f5   0x66  Code  Gb  stm32f4xx_hal_dma.o [4]
HAL_GPIO_Init            0x800'1ce9  0x1a4  Code  Gb  stm32f4xx_hal_gpio.o [4]
HAL_GPIO_WritePin        0x800'1e8d    0x8  Code  Gb  stm32f4xx_hal_gpio.o [4]
HAL_GetTick              0x800'34f5    0xc  Code  Gb  stm32f4xx_hal.o [4]
HAL_IncTick              0x800'3ab1   0x10  Code  Gb  stm32f4xx_hal.o [4]
HAL_Init                 0x800'23a1   0x30  Code  Gb  stm32f4xx_hal.o [4]
HAL_InitTick             0x800'3989   0x40  Code  Gb  stm32f4xx_hal.o [4]
HAL_MspInit              0x800'2d15   0x38  Code  Gb  stm32f4xx_hal_msp.o [2]
HAL_NVIC_EnableIRQ       0x800'2443   0x16  Code  Gb  stm32f4xx_hal_cortex.o [4]
HAL_NVIC_SetPriority     0x800'2409   0x3a  Code  Gb  stm32f4xx_hal_cortex.o [4]
HAL_NVIC_SetPriorityGrouping
                         0x800'23ef   0x1a  Code  Gb  stm32f4xx_hal_cortex.o [4]
HAL_PWREx_EnableOverDrive
                         0x800'3339   0x48  Code  Gb  stm32f4xx_hal_pwr_ex.o [4]
HAL_RCC_ClockConfig      0x800'33b1   0xf6  Code  Gb  stm32f4xx_hal_rcc.o [4]
HAL_RCC_GetPCLK1Freq     0x800'34b7   0x10  Code  Gb  stm32f4xx_hal_rcc.o [4]
HAL_RCC_GetPCLK2Freq     0x800'34c7    0xe  Code  Gb  stm32f4xx_hal_rcc.o [4]
HAL_RCC_GetSysClockFreq
                         0x800'2fb7   0x7a  Code  Gb  stm32f4xx_hal_rcc_ex.o [4]
HAL_RCC_OscConfig        0x800'3041  0x2d0  Code  Gb  stm32f4xx_hal_rcc_ex.o [4]
HAL_SYSTICK_Config       0x800'2459   0x28  Code  Gb  stm32f4xx_hal_cortex.o [4]
HAL_TIMEx_BreakCallback
                         0x800'39cf    0x2  Code  Gb  stm32f4xx_hal_tim_ex.o [4]
HAL_TIMEx_CommutCallback
                         0x800'39d3    0x2  Code  Gb  stm32f4xx_hal_tim_ex.o [4]
HAL_TIMEx_MasterConfigSynchronization
                         0x800'2c51   0x76  Code  Gb  stm32f4xx_hal_tim_ex.o [4]
HAL_TIMEx_PWMN_Start     0x800'2be9    0xa  Code  Gb  stm32f4xx_hal_tim_ex.o [4]
HAL_TIM_Base_Init        0x800'2499   0x1a  Code  Gb  stm32f4xx_hal_tim.o [4]
HAL_TIM_Base_MspInit     0x800'2e53   0x36  Code  Gb  stm32f4xx_hal_msp.o [2]
HAL_TIM_Base_Start_IT    0x800'24b3   0x20  Code  Gb  stm32f4xx_hal_tim.o [4]
HAL_TIM_ConfigClockSource
                         0x800'2873   0x94  Code  Gb  stm32f4xx_hal_tim.o [4]
HAL_TIM_Encoder_Init     0x800'255f   0x8c  Code  Gb  stm32f4xx_hal_tim.o [4]
HAL_TIM_Encoder_MspInit
                         0x800'2dc9   0x6a  Code  Gb  stm32f4xx_hal_msp.o [2]
HAL_TIM_Encoder_Start    0x800'25eb   0x1e  Code  Gb  stm32f4xx_hal_tim.o [4]
HAL_TIM_IC_CaptureCallback
                         0x800'39cb    0x2  Code  Gb  stm32f4xx_hal_tim.o [4]
HAL_TIM_IRQHandler       0x800'2635  0x142  Code  Gb  stm32f4xx_hal_tim.o [4]
HAL_TIM_MspPostInit      0x800'2e89   0x44  Code  Gb  stm32f4xx_hal_msp.o [2]
HAL_TIM_OC_DelayElapsedCallback
                         0x800'39cd    0x2  Code  Gb  stm32f4xx_hal_tim.o [4]
HAL_TIM_PWM_ConfigChannel
                         0x800'277d   0xbc  Code  Gb  stm32f4xx_hal_tim.o [4]
HAL_TIM_PWM_Init         0x800'250b   0x1a  Code  Gb  stm32f4xx_hal_tim.o [4]
HAL_TIM_PWM_MspInit      0x800'39c9    0x2  Code  Gb  stm32f4xx_hal_tim.o [4]
HAL_TIM_PWM_PulseFinishedCallback
                         0x800'39d5    0x2  Code  Gb  stm32f4xx_hal_tim.o [4]
HAL_TIM_PWM_Start        0x800'2525   0x14  Code  Gb  stm32f4xx_hal_tim.o [4]
HAL_TIM_PeriodElapsedCallback
                         0x800'0409  0x790  Code  Gb  main.o [2]
HAL_TIM_TriggerCallback
                         0x800'39d1    0x2  Code  Gb  stm32f4xx_hal_tim.o [4]
HAL_UART_ErrorCallback   0x800'3879    0x2  Code  Gb  stm32f4xx_hal_uart.o [4]
HAL_UART_Init            0x800'11b9   0x1e  Code  Gb  stm32f4xx_hal_uart.o [4]
HAL_UART_MspInit         0x800'2edf   0x7e  Code  Gb  stm32f4xx_hal_msp.o [2]
HAL_UART_Receive_DMA     0x800'12ed   0x98  Code  Gb  stm32f4xx_hal_uart.o [4]
HAL_UART_RxCpltCallback
                         0x800'3875    0x2  Code  Gb  stm32f4xx_hal_uart.o [4]
HAL_UART_RxHalfCpltCallback
                         0x800'3877    0x2  Code  Gb  stm32f4xx_hal_uart.o [4]
HAL_UART_Transmit        0x800'1229   0xa2  Code  Gb  stm32f4xx_hal_uart.o [4]
HardFault_Handler        0x800'3a7f    0x2  Code  Gb  stm32f4xx_it.o [2]
J_Pcur_P                0x2000'04e4    0x4  Data  Gb  main.o [2]
J_Pcur_Y                0x2000'04d4    0x4  Data  Gb  main.o [2]
J_Pdes_P                0x2000'04e0    0x4  Data  Gb  main.o [2]
J_Pdes_Y                0x2000'04d0    0x4  Data  Gb  main.o [2]
J_Vcur_P                0x2000'04dc    0x4  Data  Gb  main.o [2]
J_Vcur_Y                0x2000'04cc    0x4  Data  Gb  main.o [2]
J_Vdes_P                0x2000'04d8    0x4  Data  Gb  main.o [2]
J_Vdes_Y                0x2000'04c8    0x4  Data  Gb  main.o [2]
Kd_p_P                  0x2000'00c0    0x8  Data  Gb  main.o [2]
Kd_p_Y                  0x2000'0038    0x8  Data  Gb  main.o [2]
Ki_s_P                  0x2000'00f8    0x8  Data  Gb  main.o [2]
Ki_s_Y                  0x2000'0070    0x8  Data  Gb  main.o [2]
Kp_p_P                  0x2000'00b8    0x8  Data  Gb  main.o [2]
Kp_p_Y                  0x2000'0030    0x8  Data  Gb  main.o [2]
Kp_s_P                  0x2000'00f0    0x8  Data  Gb  main.o [2]
Kp_s_Y                  0x2000'0068    0x8  Data  Gb  main.o [2]
MemManage_Handler        0x800'3a81    0x2  Code  Gb  stm32f4xx_it.o [2]
Motor_CCR_P             0x2000'0298    0x2  Data  Gb  main.o [2]
Motor_CCR_Y             0x2000'0296    0x2  Data  Gb  main.o [2]
NMI_Handler              0x800'3a7d    0x2  Code  Gb  stm32f4xx_it.o [2]
P_cnt_error             0x2000'04b4    0x4  Data  Gb  main.o [2]
PendSV_Handler           0x800'3a8b    0x2  Code  Gb  stm32f4xx_it.o [2]
Region$$Table$$Base      0x800'3b38          --   Gb  - Linker created -
Region$$Table$$Limit     0x800'3b58          --   Gb  - Linker created -
SVC_Handler              0x800'3a87    0x2  Code  Gb  stm32f4xx_it.o [2]
SysTick_Handler          0x800'3a8d    0x4  Code  Gb  stm32f4xx_it.o [2]
SystemClock_Config       0x800'102b   0x92  Code  Gb  main.o [2]
SystemCoreClock         0x2000'04f8    0x4  Data  Gb  system_stm32f4xx.o [3]
SystemInit               0x800'3ac1   0x16  Code  Gb  system_stm32f4xx.o [3]
TIM4_IRQHandler          0x800'3a91    0x6  Code  Gb  stm32f4xx_it.o [2]
TIM_Base_SetConfig       0x800'2941   0x96  Code  Gb  stm32f4xx_hal_tim.o [4]
TIM_CCxChannelCmd        0x800'2bcb   0x16  Code  Gb  stm32f4xx_hal_tim.o [4]
TIM_CCxNChannelCmd       0x800'2ce5   0x1c  Code  Lc  stm32f4xx_hal_tim_ex.o [4]
TIM_ETR_SetConfig        0x800'2bb7   0x14  Code  Gb  stm32f4xx_hal_tim.o [4]
TIM_ITRx_SetConfig       0x800'2ba7   0x10  Code  Lc  stm32f4xx_hal_tim.o [4]
TIM_OC1_SetConfig        0x800'29d7   0x58  Code  Lc  stm32f4xx_hal_tim.o [4]
TIM_OC2_SetConfig        0x800'2a2f   0x60  Code  Gb  stm32f4xx_hal_tim.o [4]
TIM_OC3_SetConfig        0x800'2a8f   0x5e  Code  Lc  stm32f4xx_hal_tim.o [4]
TIM_OC4_SetConfig        0x800'2aed   0x46  Code  Lc  stm32f4xx_hal_tim.o [4]
TIM_TI1_ConfigInputStage
                         0x800'2b65   0x1e  Code  Lc  stm32f4xx_hal_tim.o [4]
TIM_TI2_ConfigInputStage
                         0x800'2b83   0x24  Code  Lc  stm32f4xx_hal_tim.o [4]
UART_DMAError            0x800'13cd   0x50  Code  Lc  stm32f4xx_hal_uart.o [4]
UART_DMAReceiveCplt      0x800'138d   0x38  Code  Lc  stm32f4xx_hal_uart.o [4]
UART_DMARxHalfCplt       0x800'13c5    0x6  Code  Lc  stm32f4xx_hal_uart.o [4]
UART_EndRxTransfer       0x800'1495   0x1c  Code  Lc  stm32f4xx_hal_uart.o [4]
UART_EndTxTransfer       0x800'1483   0x12  Code  Lc  stm32f4xx_hal_uart.o [4]
UART_SetConfig           0x800'14b1   0xcc  Code  Lc  stm32f4xx_hal_uart.o [4]
UART_WaitOnFlagUntilTimeout
                         0x800'141d   0x58  Code  Lc  stm32f4xx_hal_uart.o [4]
Uart_rx_dma_handler      0x800'01c5  0x20e  Code  Gb  main.o [2]
UsageFault_Handler       0x800'3a85    0x2  Code  Gb  stm32f4xx_it.o [2]
__NVIC_SetPriority       0x800'23d5   0x1a  Code  Lc  stm32f4xx_hal_cortex.o [4]
__aeabi_cdcmple          0x800'1cb5         Code  Gb  DblCmpLe.o [6]
__aeabi_cdrcmple         0x800'1a21         Code  Gb  DblCmpGe.o [6]
__aeabi_d2iz             0x800'17a1         Code  Gb  DblToS32.o [6]
__aeabi_d2uiz            0x800'237d         Code  Gb  DblToU32.o [6]
__aeabi_dadd             0x800'1a55         Code  Gb  DblAddSub.o [6]
__aeabi_ddiv             0x800'17d9         Code  Gb  DblDiv.o [6]
__aeabi_dmul             0x800'15f5         Code  Gb  DblMul.o [6]
__aeabi_dsub             0x800'1bd1         Code  Gb  DblAddSub.o [6]
__aeabi_i2d              0x800'1599         Code  Gb  S32ToDbl.o [6]
__aeabi_ldiv0            0x800'3a41         Code  Gb  I64DivZer.o [7]
__aeabi_memset           0x800'39d9         Code  Gb  ABImemset.o [7]
__aeabi_ui2d             0x800'2361         Code  Gb  U32ToDbl.o [6]
__cmain                  0x800'3b59         Code  Gb  cmain.o [7]
__exit                   0x800'3b8d   0x14  Code  Gb  exit.o [8]
__iar_Memset             0x800'39d9         Code  Gb  ABImemset.o [7]
__iar_Memset_word        0x800'39e1         Code  Gb  ABImemset.o [7]
__iar_data_init3         0x800'3aed   0x28  Code  Gb  data_init.o [7]
__iar_init_vfp           0x800'3b15         Code  Gb  fpinit_M.o [6]
__iar_packbits_init_single3
                         0x800'15bb   0x3a  Code  Gb  packbits_init_single.o [7]
__iar_program_start      0x800'3ba1         Code  Gb  cstartup_M.o [7]
__iar_small_uldivmod     0x800'387d         Code  Gb  I64DivMod_small.o [7]
__iar_zero_init3         0x800'3a43   0x38  Code  Gb  zero_init3.o [7]
__low_level_init         0x800'3b77    0x4  Code  Gb  low_level_init.o [5]
__vector_table           0x800'0000         Data  Gb  startup_stm32f446xx.o [1]
_call_main               0x800'3b65         Code  Gb  cmain.o [7]
_exit                    0x800'3b81         Code  Gb  cexit.o [7]
checkSize               0x2000'0294    0x1  Data  Gb  main.o [2]
encoder_cnt_P           0x2000'029c    0x2  Data  Gb  main.o [2]
encoder_cnt_Y           0x2000'04b0    0x4  Data  Gb  main.o [2]
exit                     0x800'3b7b    0x4  Code  Gb  exit.o [5]
flag                    0x2000'04e8    0x4  Data  Gb  main.o [2]
g_ADC1                  0x2000'04b8    0x8  Data  Gb  main.o [2]
g_ADC1_filter           0x2000'04c4    0x4  Data  Gb  main.o [2]
g_Ccur_P                0x2000'0100    0x8  Data  Gb  main.o [2]
g_ID                    0x2000'0293    0x1  Data  Gb  main.o [2]
g_PacketBuffer          0x2000'0260   0x18  Data  Gb  main.o [2]
g_PacketMode            0x2000'0292    0x1  Data  Gb  main.o [2]
g_Pcur_P                0x2000'0098    0x8  Data  Gb  main.o [2]
g_Pcur_Y                0x2000'0008    0x8  Data  Gb  main.o [2]
g_Pderr_P               0x2000'00b0    0x8  Data  Gb  main.o [2]
g_Pderr_Y               0x2000'0028    0x8  Data  Gb  main.o [2]
g_Pdes_P                0x2000'0088    0x8  Data  Gb  main.o [2]
g_Pdes_Y                0x2000'0000    0x8  Data  Gb  main.o [2]
g_Pdes_Y_display        0x2000'04a8    0x4  Data  Gb  main.o [2]
g_Perr_P                0x2000'00a8    0x8  Data  Gb  main.o [2]
g_Perr_Y                0x2000'0018    0x8  Data  Gb  main.o [2]
g_Pperr_Y               0x2000'0020    0x8  Data  Gb  main.o [2]
g_Ppre_P                0x2000'0090    0x8  Data  Gb  main.o [2]
g_Ppre_Y                0x2000'0010    0x8  Data  Gb  main.o [2]
g_PreADC1               0x2000'04c0    0x4  Data  Gb  main.o [2]
g_Pvcur_P               0x2000'00a0    0x8  Data  Gb  main.o [2]
g_SendFlag              0x2000'04a4    0x4  Data  Gb  main.o [2]
g_TimerCnt              0x2000'029a    0x2  Data  Gb  main.o [2]
g_Tx_Packet             0x2000'0278   0x18  Data  Gb  main.o [2]
g_Vcur_P                0x2000'00c8    0x8  Data  Gb  main.o [2]
g_Vcur_Y                0x2000'0040    0x8  Data  Gb  main.o [2]
g_Vdes_P                0x2000'00d0    0x8  Data  Gb  main.o [2]
g_Vdes_Y                0x2000'0048    0x8  Data  Gb  main.o [2]
g_Verr_P                0x2000'00d8    0x8  Data  Gb  main.o [2]
g_Verr_Y                0x2000'0050    0x8  Data  Gb  main.o [2]
g_Verr_sum_P            0x2000'00e8    0x8  Data  Gb  main.o [2]
g_Verr_sum_Y            0x2000'0060    0x8  Data  Gb  main.o [2]
g_Vlimit_P              0x2000'00e0    0x8  Data  Gb  main.o [2]
g_Vlimit_Y              0x2000'0058    0x8  Data  Gb  main.o [2]
g_Vlimit_Y_display      0x2000'04ac    0x4  Data  Gb  main.o [2]
g_checksum              0x2000'0295    0x1  Data  Gb  main.o [2]
g_head_pos              0x2000'0291    0x1  Data  Gb  main.o [2]
g_pos_control_P         0x2000'0110    0x8  Data  Gb  main.o [2]
g_pos_control_Y         0x2000'0080    0x8  Data  Gb  main.o [2]
g_tail_pos              0x2000'0290    0x1  Data  Gb  main.o [2]
g_vel_control_P         0x2000'0108    0x8  Data  Gb  main.o [2]
g_vel_control_Y         0x2000'0078    0x8  Data  Gb  main.o [2]
hadc1                   0x2000'0158   0x48  Data  Gb  main.o [2]
hdma_adc1               0x2000'04fc   0x60  Data  Gb  main.o [2]
hdma_usart6_rx          0x2000'055c   0x60  Data  Gb  main.o [2]
htim2                   0x2000'01a0   0x40  Data  Gb  main.o [2]
htim3                   0x2000'01e0   0x40  Data  Gb  main.o [2]
htim4                   0x2000'0220   0x40  Data  Gb  main.o [2]
huart6                  0x2000'0118   0x40  Data  Gb  main.o [2]
main                     0x800'0c61  0x390  Code  Gb  main.o [2]
memset                   0x800'2d01   0x14  Code  Gb  memset.o [7]
pre_encoder_cnt_P       0x2000'029e    0x2  Data  Gb  main.o [2]
rx_dma_buffer           0x2000'02a0  0x100  Data  Gb  main.o [2]
rx_size                 0x2000'03a0    0x4  Data  Gb  main.o [2]
tx_buffer               0x2000'03a4  0x100  Data  Gb  main.o [2]
uwTick                  0x2000'04f0    0x4  Data  Gb  stm32f4xx_hal.o [4]
uwTickFreq              0x2000'04ec    0x1  Data  Gb  stm32f4xx_hal.o [4]
uwTickPrio              0x2000'04f4    0x4  Data  Gb  stm32f4xx_hal.o [4]


[1] = C:\Users\Robpang\Documents\STM32_test\EWARM\STM32_Test\Obj\Application\EWARM
[2] = C:\Users\Robpang\Documents\STM32_test\EWARM\STM32_Test\Obj\Application\User
[3] = C:\Users\Robpang\Documents\STM32_test\EWARM\STM32_Test\Obj\Drivers\CMSIS
[4] = C:\Users\Robpang\Documents\STM32_test\EWARM\STM32_Test\Obj\Drivers\STM32F4xx_HAL_Driver
[5] = dl7M_tln.a
[6] = m7M_tls.a
[7] = rt7M_tl.a
[8] = shb_l.a

  15'606 bytes of readonly  code memory
     147 bytes of readonly  data memory
   2'492 bytes of readwrite data memory

Errors: none
Warnings: none
